// Jest Snapshot v1, https://goo.gl/fbAQLP

exports[`renders correctly 1`] = `
<div
  className="bg-white rounded-lg drop-shadow-xl p-6 w-10/12"
  style={
    Object {
      "fontFamily": "Poppins, sans-serif",
    }
  }
>
  <img
    alt="cardsphoto"
    className="h-20 w-15 rounded-full mx-auto mb-4"
  />
  <h2
    className="text-2xl font-bold text-center mb-2"
  />
  <p
    className="text-gray-700 text-center"
  />
</div>
`;
